# 테스트 산출물

## 주요 결과
- 항목 1: 성공
- 항목 2: 완료
- 항목 3: 검증됨

## 결론
모든 테스트 통과